#-----------------------------------------------------------
# Webtalk v2020.1 (64-bit)
# SW Build 2902540 on Wed May 27 19:54:49 MDT 2020
# IP Build 2902112 on Wed May 27 22:43:36 MDT 2020
# Start of session at: Tue Nov 24 16:02:06 2020
# Process ID: 38204
# Current directory: C:/Users/Nick Palladino/Documents/GitHub/palladino_saab_lab4/palladino_saab_lab4/palladino_saab_lab4.sim/sim_1/behav/xsim
# Command line: wbtcv.exe -mode batch -source C:/Users/Nick Palladino/Documents/GitHub/palladino_saab_lab4/palladino_saab_lab4/palladino_saab_lab4.sim/sim_1/behav/xsim/xsim.dir/counter_testbench_behav/webtalk/xsim_webtalk.tcl -notrace
# Log file: C:/Users/Nick Palladino/Documents/GitHub/palladino_saab_lab4/palladino_saab_lab4/palladino_saab_lab4.sim/sim_1/behav/xsim/webtalk.log
# Journal file: C:/Users/Nick Palladino/Documents/GitHub/palladino_saab_lab4/palladino_saab_lab4/palladino_saab_lab4.sim/sim_1/behav/xsim\webtalk.jou
#-----------------------------------------------------------
source C:/Users/Nick -notrace
